// Jest Snapshot v1, https://goo.gl/fbAQLP

exports[`expect res setHeader and end to match snapshot 1`] = `
Array [
  Array [
    "Content-Type",
    "application/json; charset=utf-8",
  ],
  Array [
    "Content-Length",
    "252",
  ],
]
`;

exports[`expect res setHeader and end to match snapshot 2`] = `
Object {
  "data": Object {
    "component": Object {
      "allVersions": null,
      "author": null,
      "description": null,
      "name": null,
      "parameters": Array [],
      "repository": null,
      "version": null,
    },
    "components": Array [],
    "registry": Object {
      "dependencies": Array [
        "graphql",
        "lodash",
        "moment",
      ],
      "href": null,
      "ocVersion": null,
      "type": null,
    },
  },
}
`;
